2026-09-21 14:40:30 | INFO | {"event": "filter_applied", "parameters": {"brand": "Semua Merk", "model": "Semua Model", "type": "Semua Tipe", "year": "Semua Tahun", "cc": "Semua CC", "transmission": "Semua Transmisi"}, "output_counts": {"lelang_live": 18207, "master_jba_ibid": 6078}}
2026-09-21 16:28:03 | INFO | {"event": "filter_applied", "parameters": {"brand": "mazda", "model": "cx 3", "type": "Semua Tipe", "year": "Semua Tahun", "cc": "Semua CC", "transmission": "Semua Transmisi"}, "output_counts": {"lelang_live": 4, "master_jba_ibid": 0}}
2026-09-21 16:28:47 | INFO | {"event": "filter_applied", "parameters": {"brand": "nissan", "model": "livina", "type": "Semua Tipe", "year": "Semua Tahun", "cc": "Semua CC", "transmission": "Semua Transmisi"}, "output_counts": {"lelang_live": 31, "master_jba_ibid": 52}}
2026-09-21 16:29:10 | INFO | {"event": "filter_applied", "parameters": {"brand": "nissan", "model": "livina", "type": "Semua Tipe", "year": 2020, "cc": "Semua CC", "transmission": "Semua Transmisi"}, "output_counts": {"lelang_live": 1, "master_jba_ibid": 8}}
2026-09-21 16:29:57 | INFO | {"event": "filter_applied", "parameters": {"brand": "Semua Merk", "model": "Semua Model", "type": "Semua Tipe", "year": "Semua Tahun", "cc": "Semua CC", "transmission": "Semua Transmisi"}, "output_counts": {"lelang_live": 18207, "master_jba_ibid": 6078}}
2026-09-22 11:37:31 | INFO | {"event": "filter_applied", "parameters": {"brand": "daihatsu", "model": "rocky", "type": "R", "year": "Semua Tahun", "cc": "Semua CC", "transmission": "Semua Transmisi"}, "output_counts": {"lelang_live": 14, "master_jba_ibid": 8}}
2026-09-22 11:37:52 | INFO | {"event": "filter_applied", "parameters": {"brand": "daihatsu", "model": "rocky", "type": "X", "year": "Semua Tahun", "cc": "Semua CC", "transmission": "Semua Transmisi"}, "output_counts": {"lelang_live": 104, "master_jba_ibid": 30}}
2026-09-22 11:40:04 | INFO | {"event": "filter_applied", "parameters": {"brand": "daihatsu", "model": "sigra", "type": "Semua Tipe", "year": "Semua Tahun", "cc": "Semua CC", "transmission": "Semua Transmisi"}, "output_counts": {"lelang_live": 2702, "master_jba_ibid": 300}}
2026-09-22 11:43:39 | INFO | {"event": "filter_applied", "parameters": {"brand": "daihatsu", "model": "rocky", "type": "X", "year": "Semua Tahun", "cc": "Semua CC", "transmission": "Semua Transmisi"}, "output_counts": {"lelang_live": 104, "master_jba_ibid": 30}}
2026-09-22 11:47:00 | INFO | {"event": "filter_applied", "parameters": {"brand": "daihatsu", "model": "luxio", "type": "Semua Tipe", "year": "Semua Tahun", "cc": "Semua CC", "transmission": "Semua Transmisi"}, "output_counts": {"lelang_live": 64, "master_jba_ibid": 42}}
2026-09-22 13:37:58 | INFO | {"event": "filter_applied", "parameters": {"brand": "daihatsu", "model": "Semua Model", "type": "Semua Tipe", "year": "Semua Tahun", "cc": "Semua CC", "transmission": "Semua Transmisi"}, "output_counts": {"lelang_live": 6392, "master_jba_ibid": 1270}}
2026-09-22 16:05:52 | INFO | {"event": "filter_applied", "parameters": {"brand": "Semua Merk", "model": "Semua Model", "type": "Semua Tipe", "year": "Semua Tahun", "cc": "Semua CC", "transmission": "Semua Transmisi"}, "output_counts": {"lelang_live": 18207, "master_jba_ibid": 6078}}
2026-09-22 16:18:04 | INFO | {"event": "filter_applied", "parameters": {"brand": "bmw", "model": "Semua Model", "type": "Semua Tipe", "year": "Semua Tahun", "cc": "Semua CC", "transmission": "Semua Transmisi", "region_code": "B"}, "output_counts": {"lelang_live": 7, "master_jba_ibid": 16}}
2026-09-22 16:31:16 | INFO | {"event": "filter_applied", "parameters": {"brand": "bmw", "model": "Semua Model", "type": "Semua Tipe", "year": "Semua Tahun", "cc": "Semua CC", "transmission": "Semua Transmisi", "region_code": "B"}, "output_counts": {"lelang_live": 7, "master_jba_ibid": 16}}
2026-09-22 16:33:09 | INFO | {"event": "filter_applied", "parameters": {"brand": "bmw", "model": "Semua Model", "type": "Semua Tipe", "year": "Semua Tahun", "cc": "Semua CC", "transmission": "Semua Transmisi", "region_code": "B"}, "output_counts": {"lelang_live": 7, "master_jba_ibid": 16}}
2026-09-22 16:39:47 | INFO | {"event": "filter_applied", "parameters": {"brand": "chery", "model": "Semua Model", "type": "Semua Tipe", "year": "Semua Tahun", "cc": "Semua CC", "transmission": "Semua Transmisi", "region_code": "B"}, "output_counts": {"lelang_live": 1, "master_jba_ibid": 12}}
2026-09-22 16:52:19 | INFO | {"event": "filter_applied", "parameters": {"brand": "Semua Merk", "model": "Semua Model", "type": "Semua Tipe", "year": "Semua Tahun", "cc": "Semua CC", "transmission": "Semua Transmisi", "region_code": "Semua KodeDaerah"}, "output_counts": {"lelang_live": 18207, "master_jba_ibid": 6078}}
2026-09-22 16:52:33 | INFO | {"event": "filter_applied", "parameters": {"brand": "Semua Merk", "model": "Semua Model", "type": "Semua Tipe", "year": "Semua Tahun", "cc": "Semua CC", "transmission": "Semua Transmisi", "region_code": "Semua KodeDaerah"}, "output_counts": {"lelang_live": 18207, "master_jba_ibid": 6078}}
2026-09-22 16:52:48 | INFO | {"event": "filter_applied", "parameters": {"brand": "Semua Merk", "model": "Semua Model", "type": "Semua Tipe", "year": "Semua Tahun", "cc": "Semua CC", "transmission": "Semua Transmisi", "region_code": "Semua KodeDaerah"}, "output_counts": {"lelang_live": 18207, "master_jba_ibid": 6078}}
2026-09-22 17:02:16 | INFO | {"event": "filter_applied", "parameters": {"brand": "daihatsu", "model": "sigra", "type": "R", "year": 2019, "cc": 1.2, "transmission": "Semua Transmisi", "region_code": "Semua KodeDaerah"}, "output_counts": {"lelang_live": 89, "master_jba_ibid": 9}}
2026-09-23 11:33:36 | INFO | {"event": "filter_applied", "parameters": {"brand": "chery", "model": "omoda", "type": "5", "year": 2024, "cc": "Semua CC", "transmission": "Semua Transmisi", "region_code": "Semua KodeDaerah"}, "output_counts": {"lelang_live": 1, "master_jba_ibid": 0}}
2026-09-23 11:33:59 | INFO | {"event": "filter_applied", "parameters": {"brand": "honda", "model": "hr v", "type": "RS", "year": 2021, "cc": "Semua CC", "transmission": "Semua Transmisi", "region_code": "Semua KodeDaerah"}, "output_counts": {"lelang_live": 1, "master_jba_ibid": 0}}
2026-09-24 13:28:43 | INFO | {"event": "filter_applied", "parameters": {"brand": "daihatsu", "model": "sirion", "type": "D", "year": "Semua Tahun", "cc": "Semua CC", "transmission": "Semua Transmisi", "region_code": "Semua KodeDaerah"}, "output_counts": {"lelang_live": 1, "master_jba_ibid": 0}}
2026-09-24 13:29:08 | INFO | {"event": "filter_applied", "parameters": {"brand": "Semua Merk", "model": "Semua Model", "type": "Semua Tipe", "year": "Semua Tahun", "cc": "Semua CC", "transmission": "Semua Transmisi", "region_code": "Semua KodeDaerah"}, "output_counts": {"lelang_live": 18207, "master_jba_ibid": 6078}}
2026-09-24 13:29:19 | INFO | {"event": "filter_applied", "parameters": {"brand": "suzuki", "model": "Semua Model", "type": "Semua Tipe", "year": "Semua Tahun", "cc": "Semua CC", "transmission": "Semua Transmisi", "region_code": "Semua KodeDaerah"}, "output_counts": {"lelang_live": 2250, "master_jba_ibid": 526}}
2026-09-24 13:29:29 | INFO | {"event": "filter_applied", "parameters": {"brand": "nissan", "model": "Semua Model", "type": "Semua Tipe", "year": "Semua Tahun", "cc": "Semua CC", "transmission": "Semua Transmisi", "region_code": "Semua KodeDaerah"}, "output_counts": {"lelang_live": 546, "master_jba_ibid": 209}}
2026-09-24 13:30:57 | INFO | {"event": "filter_applied", "parameters": {"brand": "Semua Merk", "model": "Semua Model", "type": "Semua Tipe", "year": "Semua Tahun", "cc": "Semua CC", "transmission": "Semua Transmisi", "region_code": "Semua KodeDaerah"}, "output_counts": {"lelang_live": 18207, "master_jba_ibid": 6078}}
2026-09-24 13:31:44 | INFO | {"event": "filter_applied", "parameters": {"brand": "Semua Merk", "model": "Semua Model", "type": "Semua Tipe", "year": "Semua Tahun", "cc": "Semua CC", "transmission": "Semua Transmisi", "region_code": "Semua KodeDaerah"}, "output_counts": {"lelang_live": 18207, "master_jba_ibid": 6078}}
2026-09-24 13:32:03 | INFO | {"event": "filter_applied", "parameters": {"brand": "Semua Merk", "model": "Semua Model", "type": "Semua Tipe", "year": "Semua Tahun", "cc": "Semua CC", "transmission": "Semua Transmisi", "region_code": "Semua KodeDaerah"}, "output_counts": {"lelang_live": 18207, "master_jba_ibid": 6078}}
2026-09-24 13:42:22 | INFO | {"event": "filter_applied", "parameters": {"brand": "nissan", "model": "evalia", "type": "Semua Tipe", "year": "Semua Tahun", "cc": "Semua CC", "transmission": "Semua Transmisi", "region_code": "Semua KodeDaerah"}, "output_counts": {"lelang_live": 28, "master_jba_ibid": 2}}
2026-09-24 13:52:33 | INFO | {"event": "filter_applied", "parameters": {"brand": "honda", "model": "city", "type": "E", "year": "Semua Tahun", "cc": "Semua CC", "transmission": "Semua Transmisi", "region_code": "Semua KodeDaerah"}, "output_counts": {"lelang_live": 37, "master_jba_ibid": 17}}
2026-09-24 13:56:06 | INFO | {"event": "filter_applied", "parameters": {"brand": "Semua Merk", "model": "Semua Model", "type": "Semua Tipe", "year": "Semua Tahun", "cc": "Semua CC", "transmission": "Semua Transmisi", "region_code": "Semua KodeDaerah"}, "output_counts": {"lelang_live": 18207, "master_jba_ibid": 6078}}
2026-09-24 13:56:18 | INFO | {"event": "filter_applied", "parameters": {"brand": "lexus", "model": "lx", "type": "Semua Tipe", "year": "Semua Tahun", "cc": "Semua CC", "transmission": "Semua Transmisi", "region_code": "Semua KodeDaerah"}, "output_counts": {"lelang_live": 1, "master_jba_ibid": 1}}
2026-09-24 14:02:38 | INFO | {"event": "filter_applied", "parameters": {"brand": "daihatsu", "model": "sigra", "type": "R", "year": 2022, "cc": "Semua CC", "transmission": "manual", "region_code": "Semua KodeDaerah"}, "output_counts": {"lelang_live": 54, "master_jba_ibid": 9}}
2026-09-24 14:04:08 | INFO | {"event": "filter_applied", "parameters": {"brand": "mitsubishi", "model": "outlander", "type": "Semua Tipe", "year": "Semua Tahun", "cc": "Semua CC", "transmission": "manual", "region_code": "Semua KodeDaerah"}, "output_counts": {"lelang_live": 1, "master_jba_ibid": 0}}
2026-09-24 14:06:24 | INFO | {"event": "filter_applied", "parameters": {"brand": "mitsubishi", "model": "outlander", "type": "Semua Tipe", "year": 2017, "cc": "Semua CC", "transmission": "Semua Transmisi", "region_code": "Semua KodeDaerah"}, "output_counts": {"lelang_live": 4, "master_jba_ibid": 0}}
2026-09-24 14:06:34 | INFO | {"event": "filter_applied", "parameters": {"brand": "mitsubishi", "model": "outlander", "type": "Semua Tipe", "year": "Semua Tahun", "cc": "Semua CC", "transmission": "Semua Transmisi", "region_code": "Semua KodeDaerah"}, "output_counts": {"lelang_live": 37, "master_jba_ibid": 8}}
2026-09-24 14:07:44 | INFO | {"event": "filter_applied", "parameters": {"brand": "mitsubishi", "model": "outlander", "type": "Semua Tipe", "year": 2012, "cc": "Semua CC", "transmission": "Semua Transmisi", "region_code": "Semua KodeDaerah"}, "output_counts": {"lelang_live": 13, "master_jba_ibid": 2}}
2026-09-24 14:11:03 | INFO | {"event": "filter_applied", "parameters": {"brand": "Semua Merk", "model": "yaris", "type": "Semua Tipe", "year": "Semua Tahun", "cc": "Semua CC", "transmission": "Semua Transmisi", "region_code": "Semua KodeDaerah"}, "output_counts": {"lelang_live": 201, "master_jba_ibid": 39}}
2026-09-24 14:11:31 | INFO | {"event": "filter_applied", "parameters": {"brand": "honda", "model": "brio", "type": "E", "year": 2025, "cc": "Semua CC", "transmission": "manual", "region_code": "Semua KodeDaerah"}, "output_counts": {"lelang_live": 16, "master_jba_ibid": 2}}
2026-09-24 14:16:13 | INFO | {"event": "filter_applied", "parameters": {"brand": "Semua Merk", "model": "Semua Model", "type": "Semua Tipe", "year": "Semua Tahun", "cc": "Semua CC", "transmission": "Semua Transmisi", "region_code": "Semua KodeDaerah"}, "output_counts": {"lelang_live": 18207, "master_jba_ibid": 6078}}
2026-09-24 14:16:14 | INFO | {"event": "filter_applied", "parameters": {"brand": "Semua Merk", "model": "Semua Model", "type": "Semua Tipe", "year": "Semua Tahun", "cc": "Semua CC", "transmission": "Semua Transmisi", "region_code": "Semua KodeDaerah"}, "output_counts": {"lelang_live": 18207, "master_jba_ibid": 6078}}
2026-09-24 14:18:15 | INFO | {"event": "filter_applied", "parameters": {"brand": "Semua Merk", "model": "Semua Model", "type": "Semua Tipe", "year": "Semua Tahun", "cc": "Semua CC", "transmission": "Semua Transmisi", "region_code": "Semua KodeDaerah"}, "output_counts": {"lelang_live": 18207, "master_jba_ibid": 6078}}
2026-09-24 14:18:40 | INFO | {"event": "filter_applied", "parameters": {"brand": "Semua Merk", "model": "Semua Model", "type": "Semua Tipe", "year": "Semua Tahun", "cc": "Semua CC", "transmission": "Semua Transmisi", "region_code": "Semua KodeDaerah"}, "output_counts": {"lelang_live": 18207, "master_jba_ibid": 6078}}
2026-09-24 14:22:14 | INFO | {"event": "filter_applied", "parameters": {"brand": "Semua Merk", "model": "Semua Model", "type": "Semua Tipe", "year": "Semua Tahun", "cc": "Semua CC", "transmission": "Semua Transmisi", "region_code": "Semua KodeDaerah"}, "output_counts": {"lelang_live": 2435, "master_jba_ibid": 6078}}
2026-09-24 14:26:06 | INFO | {"event": "filter_applied", "parameters": {"brand": "daihatsu", "model": "gran max", "type": "Semua Tipe", "year": 2024, "cc": "Semua CC", "transmission": "Semua Transmisi", "region_code": "Semua KodeDaerah"}, "output_counts": {"lelang_live": 35, "master_jba_ibid": 39}}
2026-09-24 14:27:08 | INFO | {"event": "filter_applied", "parameters": {"brand": "Semua Merk", "model": "Semua Model", "type": "Semua Tipe", "year": "Semua Tahun", "cc": "Semua CC", "transmission": "Semua Transmisi", "region_code": "Semua KodeDaerah"}, "output_counts": {"lelang_live": 2435, "master_jba_ibid": 6078}}
2026-09-24 14:27:47 | INFO | {"event": "filter_applied", "parameters": {"brand": "mazda", "model": "cx 3", "type": "Semua Tipe", "year": "Semua Tahun", "cc": "Semua CC", "transmission": "Semua Transmisi", "region_code": "Semua KodeDaerah"}, "output_counts": {"lelang_live": 1, "master_jba_ibid": 0}}
2026-09-24 14:28:16 | INFO | {"event": "filter_applied", "parameters": {"brand": "Semua Merk", "model": "Semua Model", "type": "Semua Tipe", "year": "Semua Tahun", "cc": "Semua CC", "transmission": "Semua Transmisi", "region_code": "Semua KodeDaerah"}, "output_counts": {"lelang_live": 2435, "master_jba_ibid": 6078}}
